2026-05-31 23:30:13,285 - 
============================================================
2026-05-31 23:30:13,285 - ETF多因子挖掘实验 v8.0 - 完整SOP执行
2026-05-31 23:30:13,285 - ============================================================
2026-05-31 23:30:13,285 - 【Phase 1-2】数据准备 + 指标计算
2026-05-31 23:30:14,603 - 加载完成: 15只ETF
2026-05-31 23:30:14,603 - 
【Phase 3】单因子测试 + IC/IR分析
2026-05-31 23:30:14,603 -   [1/12] T1_MACD红柱
2026-05-31 23:30:14,827 -     IC: 0.0423, IR: 1.44, 单笔: 0.16%
2026-05-31 23:30:14,827 -   [2/12] T2_MA多头
2026-05-31 23:30:15,051 -     IC: -0.0043, IR: -0.14, 单笔: 0.09%
2026-05-31 23:30:15,051 -   [3/12] T3_SAR趋势
2026-05-31 23:30:15,279 -     IC: 0.0252, IR: 1.02, 单笔: 0.13%
2026-05-31 23:30:15,279 -   [4/12] T4_ADX趋势
2026-05-31 23:30:15,584 -     IC: 0.0248, IR: 0.77, 单笔: 0.12%
2026-05-31 23:30:15,584 -   [5/12] M1_动量3日
2026-05-31 23:30:15,811 -     IC: 0.0138, IR: 0.46, 单笔: 0.11%
2026-05-31 23:30:15,811 -   [6/12] M2_动量5日
2026-05-31 23:30:16,046 -     IC: 0.0186, IR: 0.89, 单笔: 0.12%
2026-05-31 23:30:16,046 -   [7/12] M3_RSI适中
2026-05-31 23:30:16,275 -     IC: -0.0129, IR: -0.51, 单笔: 0.06%
2026-05-31 23:30:16,275 -   [8/12] M4_KDJ金叉
2026-05-31 23:30:16,502 -     IC: 0.0081, IR: 0.40, 单笔: 0.09%
2026-05-31 23:30:16,502 -   [9/12] V1_放量
2026-05-31 23:30:16,638 -     IC: 0.0369, IR: 0.84, 单笔: 0.23%
2026-05-31 23:30:16,638 -   [10/12] V2_OBV多头
2026-05-31 23:30:16,879 -     IC: 0.0119, IR: 0.48, 单笔: 0.09%
2026-05-31 23:30:16,879 -   [11/12] V3_资金流入
2026-05-31 23:30:17,124 -     IC: 0.0119, IR: 0.48, 单笔: 0.09%
2026-05-31 23:30:17,124 -   [12/12] B1_布林上轨突破
2026-05-31 23:30:17,195 -     IC: 0.0484, IR: 0.99, 单笔: 0.42%
2026-05-31 23:30:17,195 - 
【Phase 4】组合测试 - 快速筛选
2026-05-31 23:30:17,195 -   2因子组合: C(12,2) = 66
2026-05-31 23:30:17,195 -   15只ETF: 66 × 15 = 990条
2026-05-31 23:30:18,579 -   [反思点] 已测试10个组合, 通过1个
2026-05-31 23:30:19,879 -   [反思点] 已测试20个组合, 通过2个
2026-05-31 23:30:21,444 -   [反思点] 已测试30个组合, 通过3个
2026-05-31 23:30:22,911 -   [反思点] 已测试40个组合, 通过5个
2026-05-31 23:30:24,393 -   [反思点] 已测试50个组合, 通过6个
2026-05-31 23:30:25,693 -   [反思点] 已测试60个组合, 通过7个
2026-05-31 23:30:26,377 - 快速筛选完成: 975条结果
2026-05-31 23:30:26,377 - 
【Phase 4.5】过拟合检验（核心通过模型）
2026-05-31 23:30:26,377 - 核心通过: 13个
2026-05-31 23:30:26,477 -   进度: 5/13
2026-05-31 23:30:26,593 -   进度: 10/13
2026-05-31 23:30:26,690 - 
【Phase 4.6】3因子组合测试 - 完整执行
2026-05-31 23:30:26,690 -   3因子组合: C(12,3) = 220
2026-05-31 23:30:26,690 -   15只ETF: 220 × 15 = 3300条
2026-05-31 23:30:26,690 - ⚠️ 不简化！全部测试！
2026-05-31 23:30:27,626 -   [反思点] 3因子已测试10/220,累计通过13个
2026-05-31 23:30:28,860 -   [反思点] 3因子已测试20/220,累计通过16个
2026-05-31 23:30:30,047 -   [反思点] 3因子已测试30/220,累计通过18个
2026-05-31 23:30:31,309 -   [反思点] 3因子已测试40/220,累计通过21个
2026-05-31 23:30:32,257 -   [反思点] 3因子已测试50/220,累计通过24个
2026-05-31 23:30:33,238 -   [反思点] 3因子已测试60/220,累计通过32个
2026-05-31 23:30:34,246 -   [反思点] 3因子已测试70/220,累计通过33个
2026-05-31 23:30:35,262 -   [反思点] 3因子已测试80/220,累计通过36个
2026-05-31 23:30:36,212 -   [反思点] 3因子已测试90/220,累计通过39个
2026-05-31 23:30:37,018 -   [反思点] 3因子已测试100/220,累计通过43个
2026-05-31 23:30:38,274 -   [反思点] 3因子已测试110/220,累计通过45个
2026-05-31 23:30:39,607 -   [反思点] 3因子已测试120/220,累计通过46个
2026-05-31 23:30:40,760 -   [反思点] 3因子已测试130/220,累计通过47个
2026-05-31 23:30:41,811 -   [反思点] 3因子已测试140/220,累计通过53个
2026-05-31 23:30:42,998 -   [反思点] 3因子已测试150/220,累计通过55个
2026-05-31 23:30:44,019 -   [反思点] 3因子已测试160/220,累计通过56个
2026-05-31 23:30:45,184 -   [反思点] 3因子已测试170/220,累计通过60个
2026-05-31 23:30:46,218 -   [反思点] 3因子已测试180/220,累计通过61个
2026-05-31 23:30:47,241 -   [反思点] 3因子已测试190/220,累计通过69个
2026-05-31 23:30:48,292 -   [反思点] 3因子已测试200/220,累计通过76个
2026-05-31 23:30:49,099 -   [反思点] 3因子已测试210/220,累计通过77个
2026-05-31 23:30:49,922 -   [反思点] 3因子已测试220/220,累计通过89个
2026-05-31 23:30:49,988 - 组合测试完成: 4125条结果
2026-05-31 23:30:49,988 - 
【Phase 4.7】3因子组合过拟合检验
2026-05-31 23:30:49,988 - 3因子核心通过: 77个
2026-05-31 23:30:50,206 -   进度: 10/77
2026-05-31 23:30:50,449 -   进度: 20/77
2026-05-31 23:30:50,805 -   进度: 30/77
2026-05-31 23:30:51,091 -   进度: 40/77
2026-05-31 23:30:51,295 -   进度: 50/77
2026-05-31 23:30:51,588 -   进度: 60/77
2026-05-31 23:30:51,857 -   进度: 70/77
2026-05-31 23:30:52,082 - 
【Phase 5】筛选通过模型
2026-05-31 23:30:52,083 - 核心通过: 90
2026-05-31 23:30:52,083 - 过拟合通过: 0
2026-05-31 23:30:52,083 - 综合通过: 0
2026-05-31 23:30:52,133 - 
============================================================
2026-05-31 23:30:52,133 - 【SOP执行完成】
2026-05-31 23:30:52,133 - ============================================================
2026-05-31 23:30:52,133 - 耗时: 38.8秒
2026-05-31 23:30:52,133 - 组合测试: 4125条
2026-05-31 23:30:52,133 - 核心通过: 90
2026-05-31 23:30:52,133 - 过拟合通过: 0
2026-05-31 23:30:52,133 - 综合通过: 0
